###############################################################################
#
# IAR ELF Linker V8.50.9.278/W32 for ARM                  19/Jan/2021  04:59:08
# Copyright 2007-2020 IAR Systems AB.
#
#    Output file  =
#        C:\Users\Admin\Desktop\Mock\ThuyTT61_Assignment5\Mock_project\ThuyTT61_Assignment5\Project\Debug\Exe\Assignment_5.out
#    Map file     =
#        C:\Users\Admin\Desktop\Mock\ThuyTT61_Assignment5\Mock_project\ThuyTT61_Assignment5\Project\Debug\List\Assignment_5.map
#    Command line =
#        -f C:\Users\Admin\AppData\Local\Temp\EWABE8.tmp
#        (C:\Users\Admin\Desktop\Mock\ThuyTT61_Assignment5\Mock_project\ThuyTT61_Assignment5\Project\Debug\Obj\App.o
#        C:\Users\Admin\Desktop\Mock\ThuyTT61_Assignment5\Mock_project\ThuyTT61_Assignment5\Project\Debug\Obj\main.o
#        C:\Users\Admin\Desktop\Mock\ThuyTT61_Assignment5\Mock_project\ThuyTT61_Assignment5\Project\Debug\Obj\Queue.o
#        C:\Users\Admin\Desktop\Mock\ThuyTT61_Assignment5\Mock_project\ThuyTT61_Assignment5\Project\Debug\Obj\Srec_parse.o
#        C:\Users\Admin\Desktop\Mock\ThuyTT61_Assignment5\Mock_project\ThuyTT61_Assignment5\Project\Debug\Obj\startup_MKL46Z4.o
#        C:\Users\Admin\Desktop\Mock\ThuyTT61_Assignment5\Mock_project\ThuyTT61_Assignment5\Project\Debug\Obj\system_MKL46Z4.o
#        C:\Users\Admin\Desktop\Mock\ThuyTT61_Assignment5\Mock_project\ThuyTT61_Assignment5\Project\Debug\Obj\UART0.o
#        --no_out_extension -o
#        C:\Users\Admin\Desktop\Mock\ThuyTT61_Assignment5\Mock_project\ThuyTT61_Assignment5\Project\Debug\Exe\Assignment_5.out
#        --map
#        C:\Users\Admin\Desktop\Mock\ThuyTT61_Assignment5\Mock_project\ThuyTT61_Assignment5\Project\Debug\List\Assignment_5.map
#        --config "C:\Program Files (x86)\IAR Systems\Embedded Workbench
#        8.4\arm\config\linker\NXP\MKL46Z256xxx4.icf" --semihosting --entry
#        __iar_program_start --vfe --text_out locale)
#
###############################################################################

*******************************************************************************
*** RUNTIME MODEL ATTRIBUTES
***

CppFlavor       = *
__SystemLibrary = DLib
__dlib_version  = 6


*******************************************************************************
*** HEAP SELECTION
***

The basic heap was selected because no calls to memory allocation
functions were found in the application outside of system library
functions, and there are calls to deallocation functions in the
application.


*******************************************************************************
*** PLACEMENT SUMMARY
***

"A0":  place at address 0x0 { ro section .intvec };
"P1":  place in [from 0x0 to 0x3ff] |
                [from 0x410 to 0x3'ffff] { ro };
define block CSTACK with size = 2K, alignment = 8 { };
define block HEAP with size = 4K, alignment = 8 { };
"P3":  place in [from 0x1fff'e000 to 0x1fff'ffff] |
                [from 0x2000'0000 to 0x2000'5fff] {
          rw, block CSTACK, block HEAP };
"P5":  place in [from 0x400 to 0x40f] { section FlashConfig };

No sections matched the following patterns:

  ro section application_specific_ro  in "P2|P4"
  rw section application_specific_rw  in "P2|P4"


  Section          Kind         Address   Size  Object
  -------          ----         -------   ----  ------
"A0":                                     0xc0
  .intvec          ro code          0x0   0xc0  startup_MKL46Z4.o [1]
                                 - 0xc0   0xc0

"P1", part 1 of 2:                       0x1c8
  .text            ro code         0xc0  0x1c8  Srec_parse.o [1]
                                - 0x288  0x1c8

"P5":                                     0x10
  FlashConfig      ro code        0x400   0x10  startup_MKL46Z4.o [1]
                                - 0x410   0x10

"P1", part 2 of 2:                       0x4f0
  .text            ro code        0x410   0x74  Queue.o [1]
  .text            ro code        0x484  0x1bc  UART0.o [1]
  .text            ro code        0x640   0xae  I32DivModFast.o [3]
  .text            ro code        0x6ee    0x2  startup_MKL46Z4.o [1]
  .text            ro code        0x6f0    0x2  IntDivZer.o [3]
  .text            ro code        0x6f2    0x2  startup_MKL46Z4.o [1]
  .text            ro code        0x6f4   0x78  App.o [1]
  .text            ro code        0x76c   0x3c  zero_init3.o [3]
  .text            ro code        0x7a8   0x28  data_init.o [3]
  .text            ro code        0x7d0   0x24  startup_MKL46Z4.o [1]
  .iar.init_table  const          0x7f4   0x10  - Linker created -
  .text            ro code        0x804   0x1e  cmain.o [3]
  .text            ro code        0x822    0x4  low_level_init.o [2]
  .text            ro code        0x826    0xa  main.o [1]
  .text            ro code        0x830    0x8  exit.o [2]
  .text            ro code        0x838    0xa  cexit.o [3]
  .text            ro code        0x842    0x2  startup_MKL46Z4.o [1]
  .text            ro code        0x844   0x14  exit.o [4]
  .text            ro code        0x858   0x1c  cstartup_M.o [3]
  .rodata          const          0x874    0xc  App.o [1]
  .text            ro code        0x880    0xc  system_MKL46Z4.o [1]
  .rodata          const          0x88c    0x8  App.o [1]
  .rodata          const          0x894    0x8  App.o [1]
  .text            ro code        0x89c    0x8  startup_MKL46Z4.o [1]
  .text            ro code        0x8a4    0x8  startup_MKL46Z4.o [1]
  .text            ro code        0x8ac    0x8  startup_MKL46Z4.o [1]
  .text            ro code        0x8b4    0x8  startup_MKL46Z4.o [1]
  .text            ro code        0x8bc    0x8  startup_MKL46Z4.o [1]
  .text            ro code        0x8c4    0x8  startup_MKL46Z4.o [1]
  .text            ro code        0x8cc    0x8  startup_MKL46Z4.o [1]
  .text            ro code        0x8d4    0x8  startup_MKL46Z4.o [1]
  .text            ro code        0x8dc    0x8  startup_MKL46Z4.o [1]
  .text            ro code        0x8e4    0x8  startup_MKL46Z4.o [1]
  .text            ro code        0x8ec    0x8  startup_MKL46Z4.o [1]
  .text            ro code        0x8f4    0x8  startup_MKL46Z4.o [1]
  .text            ro code        0x8fc    0x2  startup_MKL46Z4.o [1]
  .text            ro code        0x8fe    0x2  startup_MKL46Z4.o [1]
  .rodata          const          0x900    0x0  zero_init3.o [3]
                                - 0x900  0x4f0

"P3", part 1 of 2:                       0x14c
  .bss             zero     0x1fff'e000  0x140  Queue.o [1]
  .bss             zero     0x1fff'e140    0x4  Srec_parse.o [1]
  .bss             zero     0x1fff'e144    0x4  UART0.o [1]
  .bss             zero     0x1fff'e148    0x1  Queue.o [1]
  .bss             zero     0x1fff'e149    0x1  Queue.o [1]
  .bss             zero     0x1fff'e14a    0x1  Srec_parse.o [1]
                          - 0x1fff'e14b  0x14b

"P3", part 2 of 2:                       0x800
  CSTACK                    0x1fff'e150  0x800  <Block>
    CSTACK         uninit   0x1fff'e150  0x800  <Block tail>
                          - 0x1fff'e950  0x800

Unused ranges:

         From           To      Size
         ----           --      ----
        0x288        0x3ff     0x178
        0x900     0x3'ffff  0x3'f700
  0x1fff'e14c  0x1fff'e14f       0x4
  0x1fff'e950  0x1fff'ffff    0x16b0
  0x2000'0000  0x2000'5fff    0x6000


*******************************************************************************
*** INIT TABLE
***

          Address      Size
          -------      ----
Zero (__iar_zero_init3)
    1 destination range, total size 0x14b:
          0x1fff'e000  0x14b



*******************************************************************************
*** MODULE SUMMARY
***

    Module             ro code  ro data  rw data
    ------             -------  -------  -------
command line/config:
    --------------------------------------------
    Total:

C:\Users\Admin\Desktop\Mock\ThuyTT61_Assignment5\Mock_project\ThuyTT61_Assignment5\Project\Debug\Obj: [1]
    App.o                  120       28
    Queue.o                116               322
    Srec_parse.o           456                 5
    UART0.o                444                 4
    main.o                  10
    startup_MKL46Z4.o      350
    system_MKL46Z4.o        12
    --------------------------------------------
    Total:               1'508       28      331

dl6M_tln.a: [2]
    exit.o                   8
    low_level_init.o         4
    --------------------------------------------
    Total:                  12

rt6M_tl.a: [3]
    I32DivModFast.o        174
    IntDivZer.o              2
    cexit.o                 10
    cmain.o                 30
    cstartup_M.o            28
    data_init.o             40
    zero_init3.o            60
    --------------------------------------------
    Total:                 344

shb_l.a: [4]
    exit.o                  20
    --------------------------------------------
    Total:                  20

    Linker created                   16    2'048
------------------------------------------------
    Grand Total:         1'884       44    2'379


*******************************************************************************
*** ENTRY LIST
***

Entry                       Address   Size  Type      Object
-----                       -------   ----  ----      ------
.iar.init_table$$Base         0x7f4          --   Gb  - Linker created -
.iar.init_table$$Limit        0x804          --   Gb  - Linker created -
?main                         0x805         Code  Gb  cmain.o [3]
App_Check_and_Pop             0x6f5   0x78  Code  Gb  App.o [1]
CSTACK$$Base            0x1fff'e150          --   Gb  - Linker created -
CSTACK$$Limit           0x1fff'e950          --   Gb  - Linker created -
NVIC_EnableIRQ                0x485    0xe  Code  Lc  UART0.o [1]
QUEUE_Init                    0x411    0xc  Code  Gb  Queue.o [1]
QUEUE_Peek                    0x433   0x10  Code  Gb  Queue.o [1]
QUEUE_Pop                     0x465   0x12  Code  Gb  Queue.o [1]
QUEUE_Push                    0x453   0x12  Code  Gb  Queue.o [1]
QUEUE_checkEmpty              0x41d   0x16  Code  Gb  Queue.o [1]
QUEUE_getFreeElement          0x443   0x10  Code  Gb  Queue.o [1]
Region$$Table$$Base           0x7f4          --   Gb  - Linker created -
Region$$Table$$Limit          0x804          --   Gb  - Linker created -
SREC_ConvertChar2Hex           0xc1   0x16  Code  Gb  Srec_parse.o [1]
SREC_Init                     0x243   0x10  Code  Gb  Srec_parse.o [1]
SREC_callBack                 0x253   0x2e  Code  Gb  Srec_parse.o [1]
SREC_callBack::dataIndex
                        0x1fff'e14a    0x1  Data  Lc  Srec_parse.o [1]
SREC_lineParse                 0xd7  0x16c  Code  Gb  Srec_parse.o [1]
SystemInit                    0x881    0x8  Code  Gb  system_MKL46Z4.o [1]
UART0_Calculated_baud         0x493   0x78  Code  Lc  UART0.o [1]
UART0_IRQHandler              0x5e9   0x10  Code  Gb  UART0.o [1]
UART0_Init                    0x50b   0xb8  Code  Gb  UART0.o [1]
UART0_Tx_Char                 0x5c3   0x10  Code  Lc  UART0.o [1]
UART0_Tx_Msg                  0x5d3   0x16  Code  Gb  UART0.o [1]
__Vectors                       0x0          --   Gb  startup_MKL46Z4.o [1]
__Vectors_End                  0xc0         Data  Gb  startup_MKL46Z4.o [1]
__Vectors_Size {Abs}           0xc0          --   Gb  startup_MKL46Z4.o [1]
__aeabi_idiv0                 0x6f1         Code  Gb  IntDivZer.o [3]
__aeabi_uidiv                 0x641         Code  Gb  I32DivModFast.o [3]
__aeabi_uidivmod              0x641         Code  Gb  I32DivModFast.o [3]
__cmain                       0x805         Code  Gb  cmain.o [3]
__exit                        0x845   0x14  Code  Gb  exit.o [4]
__iar_data_init3              0x7a9   0x28  Code  Gb  data_init.o [3]
__iar_program_start           0x859         Code  Gb  cstartup_M.o [3]
__iar_zero_init3              0x76d   0x3c  Code  Gb  zero_init3.o [3]
__low_level_init              0x823    0x4  Code  Gb  low_level_init.o [2]
__vector_table                  0x0         Data  Gb  startup_MKL46Z4.o [1]
__vector_table_0x1c            0x1c         Data  Gb  startup_MKL46Z4.o [1]
_call_main                    0x811         Code  Gb  cmain.o [3]
_exit                         0x839         Code  Gb  cexit.o [3]
_main                         0x81b         Code  Gb  cmain.o [3]
exit                          0x831    0x8  Code  Gb  exit.o [2]
line_popIndex           0x1fff'e149    0x1  Data  Lc  Queue.o [1]
line_pushIndex          0x1fff'e148    0x1  Data  Lc  Queue.o [1]
main                          0x827    0xa  Code  Gb  main.o [1]
ptr_put                 0x1fff'e140    0x4  Data  Gb  Srec_parse.o [1]
queue                   0x1fff'e000  0x140  Data  Lc  Queue.o [1]
s_callBack              0x1fff'e144    0x4  Data  Lc  UART0.o [1]


[1] = C:\Users\Admin\Desktop\Mock\ThuyTT61_Assignment5\Mock_project\ThuyTT61_Assignment5\Project\Debug\Obj
[2] = dl6M_tln.a
[3] = rt6M_tl.a
[4] = shb_l.a

  1'884 bytes of readonly  code memory
     44 bytes of readonly  data memory
  2'379 bytes of readwrite data memory

Errors: none
Warnings: none
